
> honestmealv2@0.1.0 build
> next build

[baseline-browser-mapping] The data in this module is over two months old.  To ensure accurate Baseline data, please update: `npm i baseline-browser-mapping@latest -D`
   Γû▓ Next.js 16.0.7 (Turbopack)
   - Environments: .env.local, .env
   - Experiments (use with caution):
     Γ£ô optimizeCss
     ┬╖ serverActions

   Creating an optimized production build ...
[baseline-browser-mapping] The data in this module is over two months old.  To ensure accurate Baseline data, please update: `npm i baseline-browser-mapping@latest -D`
Turbopack build encountered 1 warnings:
./app/bg-healthyDrinks.avif
AVIF image not supported
This version of Turbopack does not support AVIF images, will emit without optimization or encoding

Import trace:
  Client Component SSR:
    ./app/bg-healthyDrinks.avif
    ./app/HomePageClient.tsx [Client Component SSR]
    ./app/HomePageClient.tsx [Server Component]
    ./app/page.tsx [Server Component]


 Γ£ô Compiled successfully in 5.6s
   Running TypeScript ...
   Collecting page data using 11 workers ...
[baseline-browser-mapping] The data in this module is over two months old.  To ensure accurate Baseline data, please update: `npm i baseline-browser-mapping@latest -D`
[baseline-browser-mapping] The data in this module is over two months old.  To ensure accurate Baseline data, please update: `npm i baseline-browser-mapping@latest -D`
[baseline-browser-mapping] The data in this module is over two months old.  To ensure accurate Baseline data, please update: `npm i baseline-browser-mapping@latest -D`
[baseline-browser-mapping] The data in this module is over two months old.  To ensure accurate Baseline data, please update: `npm i baseline-browser-mapping@latest -D`
[baseline-browser-mapping] The data in this module is over two months old.  To ensure accurate Baseline data, please update: `npm i baseline-browser-mapping@latest -D`
[baseline-browser-mapping] The data in this module is over two months old.  To ensure accurate Baseline data, please update: `npm i baseline-browser-mapping@latest -D`
[baseline-browser-mapping] The data in this module is over two months old.  To ensure accurate Baseline data, please update: `npm i baseline-browser-mapping@latest -D`
[baseline-browser-mapping] The data in this module is over two months old.  To ensure accurate Baseline data, please update: `npm i baseline-browser-mapping@latest -D`
[baseline-browser-mapping] The data in this module is over two months old.  To ensure accurate Baseline data, please update: `npm i baseline-browser-mapping@latest -D`
[baseline-browser-mapping] The data in this module is over two months old.  To ensure accurate Baseline data, please update: `npm i baseline-browser-mapping@latest -D`
[baseline-browser-mapping] The data in this module is over two months old.  To ensure accurate Baseline data, please update: `npm i baseline-browser-mapping@latest -D`
   Generating static pages using 11 workers (0/21) ...
[baseline-browser-mapping] The data in this module is over two months old.  To ensure accurate Baseline data, please update: `npm i baseline-browser-mapping@latest -D`
   Generating static pages using 11 workers (5/21) 
   Generating static pages using 11 workers (10/21) 
   Generating static pages using 11 workers (15/21) 
 Γ£ô Generating static pages using 11 workers (21/21) in 1057.7ms
   Finalizing page optimization ...

Route (app)
Γöî ╞Æ /
Γö£ ╞Æ /_not-found
Γö£ ╞Æ /admin
Γö£ ╞Æ /admin/addmeal
Γö£ ╞Æ /admin/meals
Γö£ ╞Æ /admin/meals/[id]/edit
Γö£ ╞Æ /askme
Γö£ ╞Æ /auth/callback
Γö£ ╞Æ /checkout
Γö£ ╞Æ /forgot-password
Γö£ ╞Æ /health
Γö£ ╞Æ /health/log-food
Γö£ ╞Æ /health/progress
Γö£ ╞Æ /meals
Γö£ ╞Æ /ordermeals
Γö£ ╞Æ /profile
Γö£ ╞Æ /sign-in
Γö£ ╞Æ /sign-up
Γö£ ╞Æ /unauthorized
Γöö ╞Æ /workout


╞Æ Proxy (Middleware)

╞Æ  (Dynamic)  server-rendered on demand

